[sites.google.com/view/nestivetails.html]
[backblue.gif]
[fade.gif]
[index.html]
[ssl.gstatic.com/atari/images/level-header.png]
[apis.google.com/js/clientc932.js]
[sites.google.com/view/nestivetails/home.html]
[sites.google.com/view/nestivetails/music.html]
[sites.google.com/view/nestivetails/my-socials.html]
[sites.google.com/view/nestivetails/memes.html]
[sites.google.com/view/nestivetails/contact-me.html]
[sites.google.com/view/nestivetails/server-updates.html]
[sites.google.com/view/nestivetails.html]
[sites.google.com/view/nestivetails/_https_/discord.com/widget.a9247.delayed]
[sites.google.com/view/nestivetails/home.html]
[www.google.com/images/icons/product/drive-32.png]
[sites.google.com/view/nestivetails/music.html]
[sites.google.com/view/nestivetails/my-socials.html]
[sites.google.com/view/nestivetails/memes.html]
[sites.google.com/view/nestivetails/contact-me.html]
[sites.google.com/view/nestivetails/server-updates.html]
[sites.google.com/view/nestivetails/_https_/discord.com/widget9247.html]
